// Jest Snapshot v1, https://goo.gl/fbAQLP

exports[`MovieShowcase component renders correctly 1`] = `
"<WithStyles(ForwardRef(Paper)) className=\\"makeStyles-paper-1\\" elevation={5}>
  <Styled(MuiBox) display=\\"flex\\">
    <Styled(MuiBox) display=\\"inline-flex\\" flexBasis={154}>
      <img style={{...}} src=\\"http://image.tmdb.org/t/p/w154//zfE0R94v1E8cuKAerbskfD3VfUt.jpg\\" alt=\\"It Chapter Two\\" />
    </Styled(MuiBox)>
    <Styled(MuiBox) padding={3} width=\\"100%\\">
      <Styled(MuiBox) display=\\"flex\\" alignItems=\\"center\\">
        <Styled(MuiBox) flex={1} component=\\"span\\" paddingRight={3} fontWeight={600}>
          Release Date: 9/6/2019
        </Styled(MuiBox)>
        <Link className=\\"makeStyles-link-2\\" to=\\"/movie/474350\\">
          <WithStyles(ForwardRef(Typography)) variant=\\"h5\\" component=\\"h2\\" align=\\"center\\" gutterBottom={true}>
            It Chapter Two
          </WithStyles(ForwardRef(Typography))>
        </Link>
        <Styled(MuiBox) flex={1} textAlign=\\"right\\" component=\\"span\\">
          Language EN
        </Styled(MuiBox)>
      </Styled(MuiBox)>
      <Styled(MuiBox) display=\\"flex\\" alignItems=\\"center\\">
        <WithStyles(ForwardRef(Typography)) className=\\"makeStyles-overview-3\\" variant=\\"subtitle1\\">
          27 years after
        </WithStyles(ForwardRef(Typography))>
      </Styled(MuiBox)>
    </Styled(MuiBox)>
  </Styled(MuiBox)>
</WithStyles(ForwardRef(Paper))>"
`;
