// Jest Snapshot v1, https://goo.gl/fbAQLP

exports[`ShowShowcase component renders correctly 1`] = `
"<WithStyles(ForwardRef(Paper)) className=\\"makeStyles-paper-1\\" elevation={5}>
  <Styled(MuiBox) display=\\"flex\\">
    <Styled(MuiBox) display=\\"inline-flex\\" flexBasis={154}>
      <img style={{...}} src=\\"http://image.tmdb.org/t/p/w154//yTZQkSsxUFJZJe67IenRM0AEklc.jpg\\" alt=\\"The Simpsons\\" />
    </Styled(MuiBox)>
    <Styled(MuiBox) padding={3} width=\\"100%\\">
      <Styled(MuiBox) display=\\"flex\\" alignItems=\\"center\\">
        <Styled(MuiBox) flex={1} component=\\"span\\" paddingRight={3} fontWeight={600}>
          First Air Date: 12/17/1989
        </Styled(MuiBox)>
        <Link className=\\"makeStyles-link-2\\" to=\\"/show/456\\">
          <WithStyles(ForwardRef(Typography)) variant=\\"h5\\" component=\\"h2\\" align=\\"center\\" gutterBottom={true}>
            The Simpsons
          </WithStyles(ForwardRef(Typography))>
        </Link>
        <Styled(MuiBox) flex={1} textAlign=\\"right\\" component=\\"span\\">
          Language EN
        </Styled(MuiBox)>
      </Styled(MuiBox)>
      <Styled(MuiBox) display=\\"flex\\" alignItems=\\"center\\">
        <WithStyles(ForwardRef(Typography)) className=\\"makeStyles-overview-3\\" variant=\\"subtitle1\\">
          Set in Springfield
        </WithStyles(ForwardRef(Typography))>
      </Styled(MuiBox)>
    </Styled(MuiBox)>
  </Styled(MuiBox)>
</WithStyles(ForwardRef(Paper))>"
`;
